// Jest Snapshot v1, https://goo.gl/fbAQLP

exports[`Should CreateReview render correctly 1`] = `
<React.Fragment>
  <div
    className="review"
  >
    <blockquote
      className="review__quote"
    >
      <p
        className="review__text"
      >
        This movie is just plain bad. There must be some big payola going round this awards season.
      </p>
      <footer
        className="review__details"
      >
        <cite
          className="review__author"
        >
          Emely
        </cite>
        <time
          className="review__date"
          dateTime="2020-11-24"
        >
          November 24, 2020
        </time>
      </footer>
    </blockquote>
    <div
      className="review__rating"
    >
      4
    </div>
  </div>
</React.Fragment>
`;
