// Jest Snapshot v1, https://goo.gl/fbAQLP

exports[`Should FilmOverview render correctly 1`] = `
<React.Fragment>
  <div
    className="movie-rating"
  >
    <div
      className="movie-rating__score"
    >
      3.6
    </div>
    <p
      className="movie-rating__meta"
    >
      <span
        className="movie-rating__level"
      >
        Normal
      </span>
      <span
        className="movie-rating__count"
      >
        109661
         ratings
      </span>
    </p>
  </div>
  <div
    className="movie-card__text"
  >
    <p>
      A young man who was sentenced to seven years in prison for robbing a post office ends up spending three decades in solitary confinement. During this time, his own personality is supplanted by his alter-ego, Charles Bronson.
    </p>
    <p
      className="movie-card__director"
    >
      <strong>
        Director: 
        Nicolas Winding Refn
      </strong>
    </p>
    <p
      className="movie-card__starring"
    >
      <strong>
        Starring: 
        Tom Hardy, Kelly Adams, Luing Andrews
      </strong>
    </p>
  </div>
</React.Fragment>
`;
