// Jest Snapshot v1, https://goo.gl/fbAQLP

exports[`Should Tabs render correctly 1`] = `
<React.Fragment>
  <nav
    className="movie-nav movie-card__nav"
  >
    <ul
      className="movie-nav__list"
    >
      <li
        className="movie-nav__item movie-nav__item--active"
      >
        <a
          className="movie-nav__link"
          href="#"
          onClick={[Function]}
        >
          Overview
        </a>
      </li>
      <li
        className="movie-nav__item"
      >
        <a
          className="movie-nav__link"
          href="#"
          onClick={[Function]}
        >
          Details
        </a>
      </li>
      <li
        className="movie-nav__item"
      >
        <a
          className="movie-nav__link"
          href="#"
          onClick={[Function]}
        >
          Reviews
        </a>
      </li>
    </ul>
  </nav>
  <FilmOverview
    film={
      Object {
        "background_color": "#795433",
        "background_image": "https://assets.htmlacademy.ru/intensives/javascript-3/film/background/Pulp_Fiction.jpg",
        "description": "The lives of two mob hitmen, a boxer, a gangster & his wife, and a pair of diner bandits intertwine in four tales of violence and redemption.",
        "director": "Quentin Tarantino",
        "genre": "Crime",
        "id": 2,
        "is_favorite": true,
        "name": "Pulp Fiction",
        "poster_image": "https://assets.htmlacademy.ru/intensives/javascript-3/film/poster/Pulp_Fiction.jpg",
        "preview_image": "https://assets.htmlacademy.ru/intensives/javascript-3/film/preview/pulp-fiction.jpg",
        "preview_video_link": "https://upload.wikimedia.org/wikipedia/commons/transcoded/b/b3/Big_Buck_Bunny_Trailer_400p.ogv/Big_Buck_Bunny_Trailer_400p.ogv.360p.webm",
        "rating": 1.5,
        "released": 1994,
        "run_time": 153,
        "scores_count": 1635992,
        "starring": Array [
          "John Travolta",
          "Uma Thurman",
          "Samuel L. Jackson",
        ],
        "video_link": "http://peach.themazzone.com/durian/movies/sintel-1024-surround.mp4",
      }
    }
  />
</React.Fragment>
`;
