// Jest Snapshot v1, https://goo.gl/fbAQLP

exports[`Should UserBlock render correctly 1`] = `
<div
  className="user-block"
>
  <Link
    to="/mylist"
  >
    <div
      className="user-block__avatar"
    >
      <img
        alt="User avatar"
        height="63"
        src="../../img/avatar.jpg"
        width="63"
      />
    </div>
  </Link>
</div>
`;
